// Jest Snapshot v1, https://goo.gl/fbAQLP

exports[`<NavLink /> renders on footerOtherSites NavLink correctly 1`] = `
<NavLink
  NavLinks={
    Array [
      Object {
        "content": "AutoZoner Services ",
        "id": "1",
      },
      Object {
        "content": "AutoZoner Benefits Login",
        "id": "2",
      },
      Object {
        "content": "AutoZone Pro",
        "id": "3",
      },
      Object {
        "content": "ALLDATAdiy",
        "id": "4",
      },
      Object {
        "content": "ALLDATA Repair",
        "id": "5",
      },
    ]
  }
>
  <div
    className="footerOther"
  >
    <div
      className="listHolder"
    >
      <ul
        className="list"
      >
        <li>
          <a
            href="#!"
          >
            AutoZoner Services 
          </a>
        </li>
        <li>
          <a
            href="#!"
          >
            AutoZoner Benefits Login
          </a>
        </li>
        <li>
          <a
            href="#!"
          >
            AutoZone Pro
          </a>
        </li>
        <li>
          <a
            href="#!"
          >
            ALLDATAdiy
          </a>
        </li>
        <li>
          <a
            href="#!"
          >
            ALLDATA Repair
          </a>
        </li>
      </ul>
    </div>
  </div>
</NavLink>
`;
