// Jest Snapshot v1, https://goo.gl/fbAQLP

exports[`<MobileCrumb /> renders on mobile correctly 1`] = `
<MobileCrumb
  data={
    Array [
      Object {
        "@class": "com.autozone.diy.vo.AZBreadcrumbVO",
        "displayName": "Parts",
        "url": "/Parts",
      },
      Object {
        "@class": "com.autozone.diy.vo.AZBreadcrumbVO",
        "displayName": "Brakes And Traction Control",
        "url": "/parts/brakes-and-traction-control",
      },
      Object {
        "@class": "com.autozone.diy.vo.AZBreadcrumbVO",
        "displayName": "Disc Brake System",
        "url": "/parts/brakes-and-traction-control/disc-brake-system",
      },
      Object {
        "@class": "com.autozone.diy.vo.AZBreadcrumbVO",
        "displayName": "Brake Pads",
        "url": "/brakes-and-traction-control/brake-pads",
      },
      Object {
        "@class": "com.autozone.diy.vo.AZBreadcrumbVO",
        "displayName": "Duralast PlatinumBattery_BT",
        "url": "",
      },
    ]
  }
>
  <Breadcrumb>
    <div
      className="ui breadcrumb"
    >
      <span>
        <BreadcrumbSection>
          <div
            className="section"
            onClick={[Function]}
          >
            <button
              onClick={[Function]}
            >
              ... 
            </button>
          </div>
        </BreadcrumbSection>
        <BreadcrumbDivider>
          <div
            className="divider"
          >
            /
          </div>
        </BreadcrumbDivider>
      </span>
      <span
        key="Brake Pads"
      >
        <BreadcrumbSection>
          <div
            className="section"
            onClick={[Function]}
          >
            <a
              href="/brakes-and-traction-control/brake-pads"
            >
               
              Brake Pads
               
            </a>
          </div>
        </BreadcrumbSection>
        <BreadcrumbDivider>
          <div
            className="divider"
          >
            /
          </div>
        </BreadcrumbDivider>
      </span>
      <BreadcrumbSection
        active={true}
        key="Duralast PlatinumBattery_BT"
      >
        <div
          className="active section"
          onClick={[Function]}
        >
           
          Duralast PlatinumBattery_BT
           
        </div>
      </BreadcrumbSection>
    </div>
  </Breadcrumb>
</MobileCrumb>
`;
